           <...>-2157  [000] ....    52.492153: do_filp_open: [OP]	mmcblk0p28	/data/user/0/com.google.android.googlequicksearchbox/app_si/now_content_store/content_store.db-shm	115456
           <...>-2157  [000] ....    52.492328: ext4_file_write: [W]	mmcblk0p28	115456	4095	1	0
           <...>-2157  [000] ....    52.492386: ext4_file_write: [W]	mmcblk0p28	115456	8191	1	4096
           <...>-2157  [000] ....    52.492421: ext4_file_write: [W]	mmcblk0p28	115456	12287	1	8192
           <...>-2157  [000] ....    52.492455: ext4_file_write: [W]	mmcblk0p28	115456	16383	1	12288
           <...>-2157  [000] ....    52.492495: ext4_file_write: [W]	mmcblk0p28	115456	20479	1	16384
           <...>-2157  [000] ....    52.492527: ext4_file_write: [W]	mmcblk0p28	115456	24575	1	20480
           <...>-2157  [000] ....    52.492559: ext4_file_write: [W]	mmcblk0p28	115456	28671	1	24576
           <...>-2157  [000] ....    52.492590: ext4_file_write: [W]	mmcblk0p28	115456	32767	1	28672
           <...>-2163  [001] ....    52.495108: do_filp_open: [OP]	mmcblk0p28	/data/user/0/com.twitter.android/shared_prefs/data_usage_observer.xml	163883
           <...>-2157  [000] ....    52.497797: vfs_fsync: [FS]	mmcblk0p28	/data/com.google.android.googlequicksearchbox/app_si/now_content_store/content_store.db-wal	114885	1
           <...>-1450  [000] ....    52.506083: do_filp_open: [OP]	mmcblk0p28	/data/system/users/0/accounts.db-journal	98365
           <...>-1450  [000] ....    52.508221: do_filp_open: [OP]	mmcblk0p28	/data/system/users/0/accounts.db-journal	98365
           <...>-1450  [000] ....    52.508245: ext4_file_write: [W]	mmcblk0p28	98365	0	512	41552
           <...>-1450  [000] ....    52.508930: ext4_file_write: [W]	mmcblk0p28	98365	512	4	41552
           <...>-1450  [000] ....    52.508953: ext4_file_write: [W]	mmcblk0p28	98365	516	4096	41552
           <...>-1450  [000] ....    52.508991: ext4_file_write: [W]	mmcblk0p28	98365	4612	4	41552
           <...>-1450  [000] ....    52.509262: ext4_file_write: [W]	mmcblk0p28	98365	4616	4	41552
           <...>-1450  [000] ....    52.509287: ext4_file_write: [W]	mmcblk0p28	98365	4620	4096	41552
           <...>-1450  [000] ....    52.509323: ext4_file_write: [W]	mmcblk0p28	98365	8716	4	41552
           <...>-1450  [000] ....    52.509357: vfs_fsync: [FS]	mmcblk0p28	/system/users/0/accounts.db-journal	98365	1
           <...>-2157  [001] ....    52.510873: do_filp_open: [OP]	mmcblk0p28	/data/user/0/com.google.android.googlequicksearchbox/app_si/now_content_store	116495
           <...>-2157  [001] ....    52.510886: vfs_fsync: [FS]	mmcblk0p28	/data/com.google.android.googlequicksearchbox/app_si/now_content_store	116495	1
           <...>-1736  [001] ....    52.510939: ext4_file_write: [W]	mmcblk0p28	115578	32	24	32
           <...>-1736  [001] ....    52.511119: ext4_file_write: [W]	mmcblk0p28	115578	56	4096	56
           <...>-1270  [002] ....    52.511179: do_filp_open: [OP]	mmcblk0p25	/system/lib/hw/gralloc.msm8974.so	1054
           <...>-1736  [001] ....    52.511195: ext4_file_write: [W]	mmcblk0p28	115578	4152	24	4152
           <...>-1736  [001] ....    52.511220: ext4_file_write: [W]	mmcblk0p28	115578	4176	4096	4176
           <...>-1736  [001] ....    52.511275: ext4_file_write: [W]	mmcblk0p28	115578	8272	24	8272
           <...>-1736  [001] ....    52.511299: ext4_file_write: [W]	mmcblk0p28	115578	8296	4096	8296
           <...>-1736  [001] ....    52.511351: ext4_file_write: [W]	mmcblk0p28	115578	12392	24	12392
           <...>-1736  [001] ....    52.511373: ext4_file_write: [W]	mmcblk0p28	115578	12416	4096	12416
           <...>-1450  [001] ....    52.515755: do_filp_open: [OP]	mmcblk0p28	/data/system/users/0	98315
           <...>-1450  [001] ....    52.515768: vfs_fsync: [FS]	mmcblk0p28	/system/users/0	98315	1
           <...>-2098  [002] ....    52.518553: ext4_rename: [RN]	mmcblk0p28	/data/com.twitter.android/shared_prefs/com.twitter.android_preferences.xml	/data/com.twitter.android/shared_prefs/com.twitter.android_preferences.xml.bak	163860
           <...>-2098  [002] ....    52.518839: vfs_create.part.13: [CR]	mmcblk0p28	/data/com.twitter.android/shared_prefs/com.twitter.android_preferences.xml	163874
           <...>-2098  [002] ....    52.518856: do_filp_open: [OP]	mmcblk0p28	/data/user/0/com.twitter.android/shared_prefs/com.twitter.android_preferences.xml	163874
           <...>-2098  [002] ....    52.519401: ext4_file_write: [W]	mmcblk0p28	163874	0	2126	0
           <...>-2098  [002] ....    52.519499: vfs_fsync: [FS]	mmcblk0p28	/data/com.twitter.android/shared_prefs/com.twitter.android_preferences.xml	163874	0
           <...>-1450  [001] ....    52.541283: ext4_file_write: [W]	mmcblk0p28	98365	0	12	41552
           <...>-1450  [001] ....    52.541356: vfs_fsync: [FS]	mmcblk0p28	/system/users/0/accounts.db-journal	98365	1
           <...>-2157  [001] ....    52.541461: ext4_file_write: [W]	mmcblk0p28	116504	12288	4096	40960
           <...>-2157  [001] ....    52.541527: ext4_file_write: [W]	mmcblk0p28	116504	16384	4096	40960
           <...>-2157  [001] ....    52.541571: ext4_file_write: [W]	mmcblk0p28	116504	20480	4096	40960
           <...>-2157  [001] ....    52.541610: ext4_file_write: [W]	mmcblk0p28	116504	24576	4096	40960
           <...>-2157  [001] ....    52.541648: ext4_file_write: [W]	mmcblk0p28	116504	28672	4096	40960
           <...>-2157  [001] ....    52.541692: ext4_file_write: [W]	mmcblk0p28	116504	32768	4096	40960
           <...>-2157  [001] ....    52.541729: ext4_file_write: [W]	mmcblk0p28	116504	36864	4096	40960
           <...>-2157  [001] ....    52.541822: vfs_fsync: [FS]	mmcblk0p28	/data/com.google.android.googlequicksearchbox/app_si/now_content_store/content_store.db	116504	1
           <...>-1784  [000] ....    52.542164: do_filp_open: [OP]	mmcblk0p28	/data/user/0/com.google.android.googlequicksearchbox/files/now_request_queue	115655
           <...>-2098  [003] ....    52.542767: vfs_unlink: [UN]	mmcblk0p28	/data/com.twitter.android/shared_prefs/com.twitter.android_preferences.xml.bak	163860
           <...>-2157  [000] ....    52.559360: vfs_unlink: [UN]	mmcblk0p28	/data/com.google.android.googlequicksearchbox/app_si/now_content_store/content_store.db-shm	115456
           <...>-2157  [000] ....    52.559757: vfs_unlink: [UN]	mmcblk0p28	/data/com.google.android.googlequicksearchbox/app_si/now_content_store/content_store.db-wal	114885
           <...>-2157  [000] ....    52.560334: vfs_create.part.13: [CR]	mmcblk0p28	/data/com.google.android.googlequicksearchbox/app_si/now_content_store/content_store.db-journal	114885
           <...>-2157  [000] ....    52.560352: do_filp_open: [OP]	mmcblk0p28	/data/user/0/com.google.android.googlequicksearchbox/app_si/now_content_store/content_store.db-journal	114885
           <...>-2157  [000] ....    52.560375: ext4_file_write: [W]	mmcblk0p28	114885	0	512	0
           <...>-2157  [000] ....    52.560435: ext4_file_write: [W]	mmcblk0p28	114885	512	4	512
           <...>-2157  [000] ....    52.560461: ext4_file_write: [W]	mmcblk0p28	114885	516	4096	516
           <...>-2157  [000] ....    52.560513: ext4_file_write: [W]	mmcblk0p28	114885	4612	4	4612
           <...>-2157  [000] ....    52.560579: vfs_fsync: [FS]	mmcblk0p28	/data/com.google.android.googlequicksearchbox/app_si/now_content_store/content_store.db-journal	114885	1
           <...>-1450  [000] ....    52.560902: ext4_file_write: [W]	mmcblk0p28	98364	0	4096	180224
           <...>-1450  [000] ....    52.560960: ext4_file_write: [W]	mmcblk0p28	98364	167936	4096	180224
           <...>-1450  [000] ....    52.561041: vfs_fsync: [FS]	mmcblk0p28	/system/users/0/accounts.db	98364	1
           <...>-1450  [000] ....    52.573395: ext4_file_write: [W]	mmcblk0p28	98365	0	28	41552
           <...>-1450  [000] ....    52.573462: vfs_fsync: [FS]	mmcblk0p28	/system/users/0/accounts.db-journal	98365	1
           <...>-2157  [000] ....    52.574630: do_filp_open: [OP]	mmcblk0p28	/data/user/0/com.google.android.googlequicksearchbox/app_si/now_content_store	116495
           <...>-2157  [000] ....    52.574641: vfs_fsync: [FS]	mmcblk0p28	/data/com.google.android.googlequicksearchbox/app_si/now_content_store	116495	1
           <...>-1655  [002] ....    52.589257: ext4_rename: [RN]	mmcblk0p28	/data/com.google.android.googlequicksearchbox/app_shared_prefs/SearchSettings.bin	/data/com.google.android.googlequicksearchbox/app_shared_prefs/SearchSettings.bin.bak	115787
           <...>-2157  [000] ....    52.594007: ext4_file_write: [W]	mmcblk0p28	114885	0	12	4616
           <...>-2157  [000] ....    52.594071: vfs_fsync: [FS]	mmcblk0p28	/data/com.google.android.googlequicksearchbox/app_si/now_content_store/content_store.db-journal	114885	1
           <...>-1655  [002] ....    52.594358: vfs_create.part.13: [CR]	mmcblk0p28	/data/com.google.android.googlequicksearchbox/app_shared_prefs/SearchSettings.bin	115456
           <...>-1655  [002] ....    52.594375: do_filp_open: [OP]	mmcblk0p28	/data/user/0/com.google.android.googlequicksearchbox/app_shared_prefs/SearchSettings.bin	115456
           <...>-1655  [002] ....    52.597188: ext4_file_write: [W]	mmcblk0p28	115456	0	318	0
           <...>-1655  [002] ....    52.598965: ext4_file_write: [W]	mmcblk0p28	115456	318	4096	318
           <...>-1655  [002] ....    52.599265: ext4_file_write: [W]	mmcblk0p28	115456	4414	3908	4414
           <...>-2172  [000] ....    52.600859: do_filp_open: [OP]	mmcblk0p28	/data/user/0/com.twitter.android/databases/evernote_jobs.db	164134
           <...>-2157  [000] ....    52.602600: ext4_file_write: [W]	mmcblk0p28	116504	0	4096	40960
           <...>-2157  [000] ....    52.602683: vfs_fsync: [FS]	mmcblk0p28	/data/com.google.android.googlequicksearchbox/app_si/now_content_store/content_store.db	116504	1
           <...>-2157  [000] ....    52.608558: ext4_file_write: [W]	mmcblk0p28	114885	0	28	4616
           <...>-2157  [000] ....    52.608618: vfs_fsync: [FS]	mmcblk0p28	/data/com.google.android.googlequicksearchbox/app_si/now_content_store/content_store.db-journal	114885	1
           <...>-1655  [001] ....    52.608966: ext4_file_write: [W]	mmcblk0p28	115456	8322	4096	8322
           <...>-1655  [001] ....    52.610042: ext4_file_write: [W]	mmcblk0p28	115456	12418	4096	12418
           <...>-1655  [001] ....    52.610595: ext4_file_write: [W]	mmcblk0p28	115456	16514	4096	16514
           <...>-1655  [001] ....    52.610670: ext4_file_write: [W]	mmcblk0p28	115456	20610	10104	20610
           <...>-1655  [001] ....    52.610789: ext4_file_write: [W]	mmcblk0p28	115456	30714	25	30714
           <...>-1655  [001] ....    52.611782: ext4_file_write: [W]	mmcblk0p28	115456	30739	4096	30739
           <...>-1655  [001] ....    52.612324: ext4_file_write: [W]	mmcblk0p28	115456	34835	4096	34835
           <...>-1655  [001] ....    52.612398: ext4_file_write: [W]	mmcblk0p28	115456	38931	37012	38931
           <...>-2157  [000] ....    52.612671: do_filp_open: [OP]	mmcblk0p28	/data/user/0/com.google.android.googlequicksearchbox/app_si/now_content_store/content_store.db-journal	114885
           <...>-2157  [000] ....    52.613117: do_filp_open: [OP]	mmcblk0p28	/data/user/0/com.google.android.googlequicksearchbox/app_si/now_content_store/content_store.db-journal	114885
           <...>-1655  [001] ....    52.614148: ext4_file_write: [W]	mmcblk0p28	115456	75943	4096	75943
           <...>-2157  [000] ....    52.614454: do_filp_open: [OP]	mmcblk0p28	/data/user/0/com.google.android.googlequicksearchbox/app_si/now_content_store/content_store.db	116504
           <...>-1655  [001] ....    52.614492: ext4_file_write: [W]	mmcblk0p28	115456	80039	2218	80039
           <...>-1655  [001] ....    52.614571: vfs_fsync: [FS]	mmcblk0p28	/data/com.google.android.googlequicksearchbox/app_shared_prefs/SearchSettings.bin	115456	0
           <...>-2157  [000] ....    52.615176: do_filp_open: [OP]	mmcblk0p28	/data/user/0/com.google.android.googlequicksearchbox/app_si/now_content_store/content_store.db-journal	114885
           <...>-2157  [000] ....    52.616280: do_filp_open: [OP]	mmcblk0p28	/data/user/0/com.google.android.googlequicksearchbox/app_si/now_content_store/content_store.db-journal	114885
           <...>-2157  [000] ....    52.616457: do_filp_open: [OP]	mmcblk0p28	/data/user/0/com.google.android.googlequicksearchbox/app_si/now_content_store/content_store.db-journal	114885
           <...>-2157  [000] ....    52.616477: ext4_file_write: [W]	mmcblk0p28	114885	0	512	4616
           <...>-2157  [000] ....    52.616524: ext4_file_write: [W]	mmcblk0p28	114885	512	4	4616
           <...>-2157  [000] ....    52.616544: ext4_file_write: [W]	mmcblk0p28	114885	516	4096	4616
           <...>-2157  [000] ....    52.616573: ext4_file_write: [W]	mmcblk0p28	114885	4612	4	4616
           <...>-2157  [000] ....    52.616620: vfs_fsync: [FS]	mmcblk0p28	/data/com.google.android.googlequicksearchbox/app_si/now_content_store/content_store.db-journal	114885	1
           <...>-2172  [001] ....    52.619152: do_filp_open: [OP]	mmcblk0p28	/data/user/0/com.twitter.android/databases/evernote_jobs.db-journal	164135
           <...>-2174  [002] ....    52.624842: do_filp_open: [OP]	mmcblk0p28	/data/user/0/com.twitter.android/shared_prefs/year_class.xml	164136
           <...>-2157  [000] ....    52.625171: do_filp_open: [OP]	mmcblk0p28	/data/user/0/com.google.android.googlequicksearchbox/app_si/now_content_store	116495
           <...>-2157  [000] ....    52.625183: vfs_fsync: [FS]	mmcblk0p28	/data/com.google.android.googlequicksearchbox/app_si/now_content_store	116495	1
           <...>-1655  [001] ....    52.626325: vfs_unlink: [UN]	mmcblk0p28	/data/com.google.android.googlequicksearchbox/app_shared_prefs/SearchSettings.bin.bak	115787
           <...>-2157  [000] ....    52.627698: ext4_file_write: [W]	mmcblk0p28	114885	0	12	4616
           <...>-2157  [000] ....    52.627749: vfs_fsync: [FS]	mmcblk0p28	/data/com.google.android.googlequicksearchbox/app_si/now_content_store/content_store.db-journal	114885	1
           <...>-2157  [000] ....    52.634454: ext4_file_write: [W]	mmcblk0p28	116504	0	4096	40960
           <...>-2157  [000] ....    52.634537: vfs_fsync: [FS]	mmcblk0p28	/data/com.google.android.googlequicksearchbox/app_si/now_content_store/content_store.db	116504	1
           <...>-2048  [001] ....    52.634702: do_filp_open: [OP]	mmcblk0p28	/data/app/com.google.android.gms-1/base.apk	163842
           <...>-2172  [000] ....    52.635135: do_filp_open: [OP]	mmcblk0p28	/data/user/0/com.twitter.android/databases/evernote_jobs.db-journal	164135
           <...>-2172  [000] ....    52.635559: do_filp_open: [OP]	mmcblk0p28	/data/user/0/com.twitter.android/databases/evernote_jobs.db-journal	164135
           <...>-2172  [000] ....    52.636310: do_filp_open: [OP]	mmcblk0p28	/data/user/0/com.twitter.android/databases/evernote_jobs.db-journal	164135
           <...>-2176  [000] ....    52.638592: do_filp_open: [OP]	mmcblk0p28	/data/user/0/com.google.android.gms/shared_prefs/CONTEXT_MANAGER.xml	115761
           <...>-2157  [000] ....    52.639385: vfs_unlink: [UN]	mmcblk0p28	/data/com.google.android.googlequicksearchbox/app_si/now_content_store/content_store.db-journal	114885
           <...>-2157  [000] ....    52.640907: vfs_create.part.13: [CR]	mmcblk0p28	/data/com.google.android.googlequicksearchbox/app_si/now_content_store/content_store.db-wal	114885
           <...>-2157  [000] ....    52.640924: do_filp_open: [OP]	mmcblk0p28	/data/user/0/com.google.android.googlequicksearchbox/app_si/now_content_store/content_store.db-wal	114885
           <...>-2157  [000] ....    52.641140: vfs_create.part.13: [CR]	mmcblk0p28	/data/com.google.android.googlequicksearchbox/app_si/now_content_store/content_store.db-shm	115586
           <...>-2157  [000] ....    52.641155: do_filp_open: [OP]	mmcblk0p28	/data/user/0/com.google.android.googlequicksearchbox/app_si/now_content_store/content_store.db-shm	115586
           <...>-2157  [000] ....    52.641251: ext4_file_write: [W]	mmcblk0p28	115586	4095	1	0
           <...>-2157  [000] ....    52.641310: ext4_file_write: [W]	mmcblk0p28	115586	8191	1	4096
           <...>-2157  [000] ....    52.641345: ext4_file_write: [W]	mmcblk0p28	115586	12287	1	8192
           <...>-2157  [000] ....    52.641386: ext4_file_write: [W]	mmcblk0p28	115586	16383	1	12288
           <...>-2157  [000] ....    52.641418: ext4_file_write: [W]	mmcblk0p28	115586	20479	1	16384
           <...>-2157  [000] ....    52.641540: ext4_file_write: [W]	mmcblk0p28	115586	24575	1	20480
           <...>-2157  [000] ....    52.641627: ext4_file_write: [W]	mmcblk0p28	115586	28671	1	24576
           <...>-2157  [000] ....    52.641660: ext4_file_write: [W]	mmcblk0p28	115586	32767	1	28672
           <...>-1377  [003] ....    52.643287: do_filp_open: [OP]	mmcblk0p28	/data/user/0/com.google.android.gms/databases/context_feature_default.db	115063
           <...>-2157  [000] ....    52.643837: do_filp_open: [OP]	mmcblk0p28	/data/user/0/com.google.android.googlequicksearchbox/app_si/now_content_store/content_store.db	116504
           <...>-2157  [000] ....    52.644809: do_filp_open: [OP]	mmcblk0p28	/data/user/0/com.google.android.googlequicksearchbox/app_si/now_content_store/content_store.db-wal	114885
           <...>-1377  [003] ....    52.645180: do_filp_open: [OP]	mmcblk0p28	/data/user/0/com.google.android.gms/databases/context_feature_default.db-journal	115060
           <...>-1377  [003] ....    52.647716: do_filp_open: [OP]	mmcblk0p28	/data/user/0/com.google.android.gms/databases/context_feature_default.db-journal	115060
           <...>-1377  [003] ....    52.648132: do_filp_open: [OP]	mmcblk0p28	/data/user/0/com.google.android.gms/databases/context_feature_default.db-journal	115060
           <...>-1377  [003] ....    52.648735: do_filp_open: [OP]	mmcblk0p28	/data/user/0/com.google.android.gms/databases/context_feature_default.db-journal	115060
           <...>-1377  [003] ....    52.650059: do_filp_open: [OP]	mmcblk0p28	/data/user/0/com.google.android.gms/databases/context_feature_default.db-journal	115060
           <...>-1377  [003] ....    52.650622: do_filp_open: [OP]	mmcblk0p28	/data/user/0/com.google.android.gms/databases/context_feature_default.db-journal	115060
           <...>-1377  [003] ....    52.652157: do_filp_open: [OP]	mmcblk0p28	/data/user/0/com.google.android.gms/databases/context_feature_default.db-journal	115060
           <...>-1377  [003] ....    52.656615: do_filp_open: [OP]	mmcblk0p28	/data/user/0/com.google.android.gms/databases/context_feature_default.db-journal	115060
           <...>-2172  [000] ....    52.667275: do_filp_open: [OP]	mmcblk0p28	/data/user/0/com.twitter.android/databases/evernote_jobs.db-journal	164135
           <...>-2048  [000] ....    52.670673: do_filp_open: [OP]	mmcblk0p25	/system/framework/com.android.location.provider.jar	956
           <...>-1377  [003] ....    52.678816: do_filp_open: [OP]	mmcblk0p28	/data/user/0/com.google.android.gms/databases/context_feature_default.db-journal	115060
           <...>-2179  [000] ....    52.683651: vfs_mkdir: [MD]	cgroup	/uid_10036	19032
           <...>-1377  [002] ....    52.684693: do_filp_open: [OP]	mmcblk0p28	/data/user/0/com.google.android.gms/databases/context___ContextManagerNullAccount__.db	116541
           <...>-2179  [000] ....    52.684818: vfs_mkdir: [MD]	cgroup	/uid_10036/pid_2179	19041
           <...>-1377  [002] ....    52.687153: do_filp_open: [OP]	mmcblk0p28	/data/user/0/com.google.android.gms/databases/context___ContextManagerNullAccount__.db-journal	116542
           <...>-1377  [002] ....    52.690241: do_filp_open: [OP]	mmcblk0p28	/data/user/0/com.google.android.gms/databases/context___ContextManagerNullAccount__.db-journal	116542
           <...>-1377  [002] ....    52.690675: do_filp_open: [OP]	mmcblk0p28	/data/user/0/com.google.android.gms/databases/context___ContextManagerNullAccount__.db-journal	116542
           <...>-1377  [002] ....    52.691376: do_filp_open: [OP]	mmcblk0p28	/data/user/0/com.google.android.gms/databases/context___ContextManagerNullAccount__.db-journal	116542
           <...>-1377  [002] ....    52.692355: do_filp_open: [OP]	mmcblk0p28	/data/user/0/com.google.android.gms/databases/context___ContextManagerNullAccount__.db-journal	116542
           <...>-1377  [002] ....    52.692868: do_filp_open: [OP]	mmcblk0p28	/data/user/0/com.google.android.gms/databases/context___ContextManagerNullAccount__.db-journal	116542
           <...>-1377  [002] ....    52.693235: do_filp_open: [OP]	mmcblk0p28	/data/user/0/com.google.android.gms/databases/context___ContextManagerNullAccount__.db-journal	116542
           <...>-1377  [002] ....    52.694578: do_filp_open: [OP]	mmcblk0p28	/data/user/0/com.google.android.gms/databases/context___ContextManagerNullAccount__.db-journal	116542
           <...>-1377  [000] ....    52.697579: do_filp_open: [OP]	mmcblk0p28	/data/user/0/com.google.android.gms/databases/context___ContextManagerNullAccount__.db-journal	116542
           <...>-2048  [002] ....    52.698349: do_filp_open: [OP]	mmcblk0p25	/system/framework/oat/arm/com.android.location.provider.odex	990
           <...>-1377  [000] ....    52.698631: do_filp_open: [OP]	mmcblk0p28	/data/user/0/com.google.android.gms/databases/context___ContextManagerNullAccount__.db-journal	116542
           <...>-1377  [000] ....    52.699156: do_filp_open: [OP]	mmcblk0p28	/data/user/0/com.google.android.gms/databases/context___ContextManagerNullAccount__.db-journal	116542
           <...>-2048  [002] ....    52.699993: do_filp_open: [OP]	mmcblk0p25	/system/framework/com.android.media.remotedisplay.jar	957
           <...>-1377  [000] ....    52.700084: do_filp_open: [OP]	mmcblk0p28	/data/user/0/com.google.android.gms/databases/context___ContextManagerNullAccount__.db-journal	116542
           <...>-2048  [002] ....    52.700359: do_filp_open: [OP]	mmcblk0p25	/system/framework/oat/arm/com.android.media.remotedisplay.odex	991
           <...>-1377  [000] ....    52.700603: do_filp_open: [OP]	mmcblk0p28	/data/user/0/com.google.android.gms/databases/context___ContextManagerNullAccount__.db-journal	116542
           <...>-2048  [002] ....    52.702157: do_filp_open: [OP]	mmcblk0p28	/data/app/com.google.android.gms-1/base.apk	163842
           <...>-1377  [000] ....    52.702165: do_filp_open: [OP]	mmcblk0p28	/data/user/0/com.google.android.gms/databases/context___ContextManagerNullAccount__.db-journal	116542
           <...>-2048  [002] ....    52.706426: do_filp_open: [OP]	mmcblk0p28	/data/app/com.google.android.gms-1/oat/arm/base.odex	180238
           <...>-2048  [002] ....    52.707605: do_filp_open: [OP]	mmcblk0p28	/data/app/com.google.android.gms-1/base.apk	163842
           <...>-1784  [003] ....    52.708532: ext4_file_write: [W]	mmcblk0p28	122898	28872	24	28872
           <...>-1784  [003] ....    52.708593: ext4_file_write: [W]	mmcblk0p28	122898	28896	4096	28896
           <...>-1784  [003] ....    52.708662: ext4_file_write: [W]	mmcblk0p28	122898	32992	24	32992
           <...>-1784  [003] ....    52.708685: ext4_file_write: [W]	mmcblk0p28	122898	33016	4096	33016
           <...>-1784  [003] ....    52.708735: ext4_file_write: [W]	mmcblk0p28	122898	37112	24	37112
           <...>-1784  [003] ....    52.708758: ext4_file_write: [W]	mmcblk0p28	122898	37136	4096	37136
           <...>-1784  [003] ....    52.708806: ext4_file_write: [W]	mmcblk0p28	122898	41232	24	41232
           <...>-1784  [003] ....    52.708830: ext4_file_write: [W]	mmcblk0p28	122898	41256	4096	41256
           <...>-1784  [003] ....    52.708878: ext4_file_write: [W]	mmcblk0p28	122898	45352	24	45352
           <...>-1784  [003] ....    52.708901: ext4_file_write: [W]	mmcblk0p28	122898	45376	4096	45376
           <...>-1784  [003] ....    52.708949: ext4_file_write: [W]	mmcblk0p28	122898	49472	24	49472
           <...>-1784  [003] ....    52.709064: ext4_file_write: [W]	mmcblk0p28	122898	49496	4096	49496
           <...>-1784  [003] ....    52.709118: ext4_file_write: [W]	mmcblk0p28	122898	53592	24	53592
           <...>-1784  [003] ....    52.709143: ext4_file_write: [W]	mmcblk0p28	122898	53616	4096	53616
           <...>-1784  [003] ....    52.709198: vfs_fsync: [FS]	mmcblk0p28	/data/com.google.android.googlequicksearchbox/app_si/state_dump_event_content_store/content_store.db-wal	122898	1
           <...>-2048  [000] ....    52.710402: do_filp_open: [OP]	mmcblk0p28	/data/app/com.google.android.gms-1/base.apk	163842
           <...>-2048  [000] ....    52.714327: do_filp_open: [OP]	mmcblk0p28	/data/app/com.google.android.gms-1/base.apk	163842
           <...>-1377  [000] ....    52.728774: do_filp_open: [OP]	mmcblk0p28	/data/user/0/com.google.android.gms/databases/context___ContextManagerNullAccount__.db-journal	116542
           <...>-1784  [002] ....    52.729442: vfs_fsync: [FS]	mmcblk0p28	/data/com.google.android.googlequicksearchbox/app_si/state_dump_event_content_store/content_store.db-wal	122898	1
           <...>-1377  [000] ....    52.729889: do_filp_open: [OP]	mmcblk0p28	/data/user/0/com.google.android.gms/databases/context___ContextManagerNullAccount__.db-journal	116542
           <...>-1784  [000] ....    52.730542: ext4_file_write: [W]	mmcblk0p28	122927	12288	4096	40960
           <...>-1784  [000] ....    52.730610: ext4_file_write: [W]	mmcblk0p28	122927	16384	4096	40960
           <...>-1784  [000] ....    52.730646: ext4_file_write: [W]	mmcblk0p28	122927	20480	4096	40960
           <...>-1784  [000] ....    52.730710: ext4_file_write: [W]	mmcblk0p28	122927	24576	4096	40960
           <...>-1784  [000] ....    52.730744: ext4_file_write: [W]	mmcblk0p28	122927	28672	4096	40960
           <...>-1784  [000] ....    52.730777: ext4_file_write: [W]	mmcblk0p28	122927	32768	4096	40960
           <...>-1784  [000] ....    52.730810: ext4_file_write: [W]	mmcblk0p28	122927	36864	4096	40960
           <...>-1784  [000] ....    52.730897: vfs_fsync: [FS]	mmcblk0p28	/data/com.google.android.googlequicksearchbox/app_si/state_dump_event_content_store/content_store.db	122927	1
           <...>-1377  [000] ....    52.732556: do_filp_open: [OP]	mmcblk0p28	/data/user/0/com.google.android.gms/databases/context___ContextManagerNullAccount__.db-journal	116542
           <...>-1377  [000] ....    52.733653: do_filp_open: [OP]	mmcblk0p28	/data/user/0/com.google.android.gms/databases/context___ContextManagerNullAccount__.db-journal	116542
           <...>-1377  [000] ....    52.734255: do_filp_open: [OP]	mmcblk0p28	/data/user/0/com.google.android.gms/databases/context___ContextManagerNullAccount__.db-journal	116542
           <...>-1377  [000] ....    52.736454: do_filp_open: [OP]	mmcblk0p28	/data/user/0/com.google.android.gms/databases/context___ContextManagerNullAccount__.db-journal	116542
           <...>-1377  [000] ....    52.737195: do_filp_open: [OP]	mmcblk0p28	/data/user/0/com.google.android.gms/databases/context___ContextManagerNullAccount__.db-journal	116542
           <...>-1377  [000] ....    52.738263: do_filp_open: [OP]	mmcblk0p28	/data/user/0/com.google.android.gms/databases/context___ContextManagerNullAccount__.db-journal	116542
           <...>-1377  [000] ....    52.739229: do_filp_open: [OP]	mmcblk0p28	/data/user/0/com.google.android.gms/databases/context___ContextManagerNullAccount__.db-journal	116542
           <...>-1377  [000] ....    52.740280: do_filp_open: [OP]	mmcblk0p28	/data/user/0/com.google.android.gms/databases/context___ContextManagerNullAccount__.db-journal	116542
           <...>-1377  [000] ....    52.741406: do_filp_open: [OP]	mmcblk0p28	/data/user/0/com.google.android.gms/databases/context___ContextManagerNullAccount__.db-journal	116542
           <...>-1377  [000] ....    52.742539: do_filp_open: [OP]	mmcblk0p28	/data/user/0/com.google.android.gms/databases/context___ContextManagerNullAccount__.db-journal	116542
           <...>-1377  [000] ....    52.743747: do_filp_open: [OP]	mmcblk0p28	/data/user/0/com.google.android.gms/databases/context___ContextManagerNullAccount__.db-journal	116542
           <...>-2179  [003] ....    52.744417: do_filp_open: [OP]	mmcblk0p28	/data/app/com.android.chrome-1/base.apk	163857
           <...>-1377  [000] ....    52.744835: do_filp_open: [OP]	mmcblk0p28	/data/user/0/com.google.android.gms/databases/context___ContextManagerNullAccount__.db-journal	116542
           <...>-1377  [000] ....    52.745409: do_filp_open: [OP]	mmcblk0p28	/data/user/0/com.google.android.gms/databases/context___ContextManagerNullAccount__.db-journal	116542
           <...>-1377  [000] ....    52.746366: do_filp_open: [OP]	mmcblk0p28	/data/user/0/com.google.android.gms/databases/context___ContextManagerNullAccount__.db-journal	116542
           <...>-1377  [000] ....    52.746876: do_filp_open: [OP]	mmcblk0p28	/data/user/0/com.google.android.gms/databases/context___ContextManagerNullAccount__.db-journal	116542
           <...>-1377  [000] ....    52.747774: do_filp_open: [OP]	mmcblk0p28	/data/user/0/com.google.android.gms/databases/context___ContextManagerNullAccount__.db-journal	116542
           <...>-1377  [000] ....    52.748360: do_filp_open: [OP]	mmcblk0p28	/data/user/0/com.google.android.gms/databases/context___ContextManagerNullAccount__.db-journal	116542
           <...>-1377  [000] ....    52.749433: do_filp_open: [OP]	mmcblk0p28	/data/user/0/com.google.android.gms/databases/context___ContextManagerNullAccount__.db-journal	116542
           <...>-1377  [000] ....    52.750029: do_filp_open: [OP]	mmcblk0p28	/data/user/0/com.google.android.gms/databases/context___ContextManagerNullAccount__.db-journal	116542
           <...>-1377  [000] ....    52.751651: do_filp_open: [OP]	mmcblk0p28	/data/user/0/com.google.android.gms/databases/context___ContextManagerNullAccount__.db-journal	116542
           <...>-2179  [003] ....    52.751838: do_filp_open: [OP]	mmcblk0p28	/data/app/com.android.chrome-1/base.apk	163857
           <...>-1377  [000] ....    52.752310: do_filp_open: [OP]	mmcblk0p28	/data/user/0/com.google.android.gms/databases/context___ContextManagerNullAccount__.db-journal	116542
           <...>-1377  [000] ....    52.753329: do_filp_open: [OP]	mmcblk0p28	/data/user/0/com.google.android.gms/databases/context___ContextManagerNullAccount__.db-journal	116542
           <...>-1377  [000] ....    52.754075: do_filp_open: [OP]	mmcblk0p28	/data/user/0/com.google.android.gms/databases/context___ContextManagerNullAccount__.db-journal	116542
           <...>-2193  [001] ....    52.754469: do_filp_open: [OP]	mmcblk0p28	/data/user/0/com.twitter.android/shared_prefs/config.xml	164151
           <...>-2179  [003] ....    52.754681: do_filp_open: [OP]	mmcblk0p28	/data/app/com.android.chrome-1/oat/arm/base.odex	270390
           <...>-1377  [000] ....    52.755710: do_filp_open: [OP]	mmcblk0p28	/data/user/0/com.google.android.gms/databases/context___ContextManagerNullAccount__.db-journal	116542
           <...>-1377  [000] ....    52.756371: do_filp_open: [OP]	mmcblk0p28	/data/user/0/com.google.android.gms/databases/context___ContextManagerNullAccount__.db-journal	116542
           <...>-1377  [000] ....    52.757782: do_filp_open: [OP]	mmcblk0p28	/data/user/0/com.google.android.gms/databases/context___ContextManagerNullAccount__.db-journal	116542
           <...>-1377  [000] ....    52.758360: do_filp_open: [OP]	mmcblk0p28	/data/user/0/com.google.android.gms/databases/context___ContextManagerNullAccount__.db-journal	116542
           <...>-1377  [000] ....    52.761520: do_filp_open: [OP]	mmcblk0p28	/data/user/0/com.google.android.gms/databases/context___ContextManagerNullAccount__.db-journal	116542
           <...>-1377  [000] ....    52.762191: do_filp_open: [OP]	mmcblk0p28	/data/user/0/com.google.android.gms/databases/context___ContextManagerNullAccount__.db-journal	116542
           <...>-1377  [000] ....    52.763357: do_filp_open: [OP]	mmcblk0p28	/data/user/0/com.google.android.gms/databases/context___ContextManagerNullAccount__.db-journal	116542
           <...>-1377  [000] ....    52.764135: do_filp_open: [OP]	mmcblk0p28	/data/user/0/com.google.android.gms/databases/context___ContextManagerNullAccount__.db-journal	116542
           <...>-1377  [000] ....    52.765271: do_filp_open: [OP]	mmcblk0p28	/data/user/0/com.google.android.gms/databases/context___ContextManagerNullAccount__.db-journal	116542
           <...>-1377  [000] ....    52.766173: do_filp_open: [OP]	mmcblk0p28	/data/user/0/com.google.android.gms/databases/context___ContextManagerNullAccount__.db-journal	116542
           <...>-2172  [003] ....    52.766180: do_filp_open: [OP]	mmcblk0p28	/data/user/0/com.twitter.android/databases/evernote_jobs.db-journal	164135
           <...>-1377  [000] ....    52.767531: do_filp_open: [OP]	mmcblk0p28	/data/user/0/com.google.android.gms/databases/context___ContextManagerNullAccount__.db-journal	116542
           <...>-1377  [000] ....    52.768134: do_filp_open: [OP]	mmcblk0p28	/data/user/0/com.google.android.gms/databases/context___ContextManagerNullAccount__.db-journal	116542
           <...>-1377  [000] ....    52.769732: do_filp_open: [OP]	mmcblk0p28	/data/user/0/com.google.android.gms/databases/context___ContextManagerNullAccount__.db-journal	116542
           <...>-1377  [000] ....    52.770349: do_filp_open: [OP]	mmcblk0p28	/data/user/0/com.google.android.gms/databases/context___ContextManagerNullAccount__.db-journal	116542
           <...>-1377  [000] ....    52.771801: do_filp_open: [OP]	mmcblk0p28	/data/user/0/com.google.android.gms/databases/context___ContextManagerNullAccount__.db-journal	116542
           <...>-1377  [000] ....    52.772725: do_filp_open: [OP]	mmcblk0p28	/data/user/0/com.google.android.gms/databases/context___ContextManagerNullAccount__.db-journal	116542
           <...>-1377  [000] ....    52.774118: do_filp_open: [OP]	mmcblk0p28	/data/user/0/com.google.android.gms/databases/context___ContextManagerNullAccount__.db-journal	116542
           <...>-1377  [000] ....    52.774768: do_filp_open: [OP]	mmcblk0p28	/data/user/0/com.google.android.gms/databases/context___ContextManagerNullAccount__.db-journal	116542
           <...>-1377  [000] ....    52.776131: do_filp_open: [OP]	mmcblk0p28	/data/user/0/com.google.android.gms/databases/context___ContextManagerNullAccount__.db-journal	116542
           <...>-1377  [000] ....    52.776855: do_filp_open: [OP]	mmcblk0p28	/data/user/0/com.google.android.gms/databases/context___ContextManagerNullAccount__.db-journal	116542
           <...>-1377  [000] ....    52.778386: do_filp_open: [OP]	mmcblk0p28	/data/user/0/com.google.android.gms/databases/context___ContextManagerNullAccount__.db-journal	116542
           <...>-1377  [000] ....    52.779245: do_filp_open: [OP]	mmcblk0p28	/data/user/0/com.google.android.gms/databases/context___ContextManagerNullAccount__.db-journal	116542
           <...>-1377  [000] ....    52.780619: do_filp_open: [OP]	mmcblk0p28	/data/user/0/com.google.android.gms/databases/context___ContextManagerNullAccount__.db-journal	116542
           <...>-1377  [000] ....    52.781317: do_filp_open: [OP]	mmcblk0p28	/data/user/0/com.google.android.gms/databases/context___ContextManagerNullAccount__.db-journal	116542
           <...>-1377  [000] ....    52.782657: do_filp_open: [OP]	mmcblk0p28	/data/user/0/com.google.android.gms/databases/context___ContextManagerNullAccount__.db-journal	116542
           <...>-1377  [000] ....    52.783249: do_filp_open: [OP]	mmcblk0p28	/data/user/0/com.google.android.gms/databases/context___ContextManagerNullAccount__.db-journal	116542
           <...>-1377  [000] ....    52.784576: do_filp_open: [OP]	mmcblk0p28	/data/user/0/com.google.android.gms/databases/context___ContextManagerNullAccount__.db-journal	116542
           <...>-1377  [000] ....    52.785405: do_filp_open: [OP]	mmcblk0p28	/data/user/0/com.google.android.gms/databases/context___ContextManagerNullAccount__.db-journal	116542
           <...>-1377  [000] ....    52.786685: do_filp_open: [OP]	mmcblk0p28	/data/user/0/com.google.android.gms/databases/context___ContextManagerNullAccount__.db-journal	116542
           <...>-2048  [001] ....    52.786771: do_filp_open: [OP]	mmcblk0p28	/data/user/0/com.google.android.gms/app_extracted_libs	114871
           <...>-1377  [000] ....    52.787435: do_filp_open: [OP]	mmcblk0p28	/data/user/0/com.google.android.gms/databases/context___ContextManagerNullAccount__.db-journal	116542
           <...>-1377  [000] ....    52.788670: do_filp_open: [OP]	mmcblk0p28	/data/user/0/com.google.android.gms/databases/context___ContextManagerNullAccount__.db-journal	116542
           <...>-1377  [000] ....    52.789266: do_filp_open: [OP]	mmcblk0p28	/data/user/0/com.google.android.gms/databases/context___ContextManagerNullAccount__.db-journal	116542
           <...>-2048  [001] ....    52.790063: do_filp_open: [OP]	mmcblk0p28	/data/user/0/com.google.android.gms/app_extracted_libs	114871
           <...>-1377  [000] ....    52.790632: do_filp_open: [OP]	mmcblk0p28	/data/user/0/com.google.android.gms/databases/context___ContextManagerNullAccount__.db-journal	116542
           <...>-2172  [002] ....    52.790729: do_filp_open: [OP]	mmcblk0p28	/data/user/0/com.twitter.android/databases/evernote_jobs.db-journal	164135
           <...>-2048  [001] ....    52.790866: do_filp_open: [OP]	mmcblk0p28	/data/app/com.google.android.gms-1/lib/arm/libgmscore.so	163911
           <...>-2048  [001] ....    52.791274: do_filp_open: [OP]	mmcblk0p28	/data/app/com.google.android.gms-1/lib/arm/libgmscore.so	163911
           <...>-1377  [000] ....    52.791281: do_filp_open: [OP]	mmcblk0p28	/data/user/0/com.google.android.gms/databases/context___ContextManagerNullAccount__.db-journal	116542
           <...>-1377  [000] ....    52.792510: do_filp_open: [OP]	mmcblk0p28	/data/user/0/com.google.android.gms/databases/context___ContextManagerNullAccount__.db-journal	116542
           <...>-2048  [002] ....    52.792968: do_filp_open: [OP]	mmcblk0p28	/data/app/com.google.android.gms-1/base.apk	163842
           <...>-1377  [000] ....    52.793055: do_filp_open: [OP]	mmcblk0p28	/data/user/0/com.google.android.gms/databases/context___ContextManagerNullAccount__.db-journal	116542
           <...>-1377  [000] ....    52.794637: do_filp_open: [OP]	mmcblk0p28	/data/user/0/com.google.android.gms/databases/context___ContextManagerNullAccount__.db-journal	116542
           <...>-2172  [002] ....    52.794898: do_filp_open: [OP]	mmcblk0p28	/data/user/0/com.twitter.android/databases/evernote_jobs.db-journal	164135
           <...>-1377  [000] ....    52.795242: do_filp_open: [OP]	mmcblk0p28	/data/user/0/com.google.android.gms/databases/context___ContextManagerNullAccount__.db-journal	116542
           <...>-1377  [000] ....    52.796311: do_filp_open: [OP]	mmcblk0p28	/data/user/0/com.google.android.gms/databases/context___ContextManagerNullAccount__.db-journal	116542
           <...>-1377  [000] ....    52.796917: do_filp_open: [OP]	mmcblk0p28	/data/user/0/com.google.android.gms/databases/context___ContextManagerNullAccount__.db-journal	116542
           <...>-1377  [000] ....    52.797992: do_filp_open: [OP]	mmcblk0p28	/data/user/0/com.google.android.gms/databases/context___ContextManagerNullAccount__.db-journal	116542
           <...>-2048  [001] ....    52.798260: do_filp_open: [OP]	mmcblk0p25	/system/lib/libstdc++.so	1330
           <...>-2048  [001] ....    52.798432: do_filp_open: [OP]	mmcblk0p28	/data/app/com.google.android.gms-1/base.apk	163842
           <...>-1377  [000] ....    52.798643: do_filp_open: [OP]	mmcblk0p28	/data/user/0/com.google.android.gms/databases/context___ContextManagerNullAccount__.db-journal	116542
           <...>-1377  [000] ....    52.799772: do_filp_open: [OP]	mmcblk0p28	/data/user/0/com.google.android.gms/databases/context___ContextManagerNullAccount__.db-journal	116542
           <...>-1377  [000] ....    52.800389: do_filp_open: [OP]	mmcblk0p28	/data/user/0/com.google.android.gms/databases/context___ContextManagerNullAccount__.db-journal	116542
           <...>-1377  [000] ....    52.801954: do_filp_open: [OP]	mmcblk0p28	/data/user/0/com.google.android.gms/databases/context___ContextManagerNullAccount__.db-journal	116542
           <...>-1377  [000] ....    52.802595: do_filp_open: [OP]	mmcblk0p28	/data/user/0/com.google.android.gms/databases/context___ContextManagerNullAccount__.db-journal	116542
           <...>-2048  [001] ....    52.802632: do_filp_open: [OP]	mmcblk0p25	/system/lib/liblog.so	1204
           <...>-2048  [001] ....    52.802765: do_filp_open: [OP]	mmcblk0p28	/data/app/com.google.android.gms-1/base.apk	163842
           <...>-1377  [000] ....    52.803631: do_filp_open: [OP]	mmcblk0p28	/data/user/0/com.google.android.gms/databases/context___ContextManagerNullAccount__.db-journal	116542
           <...>-1377  [000] ....    52.804592: do_filp_open: [OP]	mmcblk0p28	/data/user/0/com.google.android.gms/databases/context___ContextManagerNullAccount__.db-journal	116542
           <...>-1377  [000] ....    52.805557: do_filp_open: [OP]	mmcblk0p28	/data/user/0/com.google.android.gms/databases/context___ContextManagerNullAccount__.db-journal	116542
           <...>-2048  [003] ....    52.806891: do_filp_open: [OP]	mmcblk0p25	/system/lib/libz.so	1351
           <...>-1377  [000] ....    52.806972: do_filp_open: [OP]	mmcblk0p28	/data/user/0/com.google.android.gms/databases/context_eslabskku_gmail.com.db	115665
           <...>-2048  [003] ....    52.807031: do_filp_open: [OP]	mmcblk0p28	/data/app/com.google.android.gms-1/base.apk	163842
           <...>-2048  [003] ....    52.809867: do_filp_open: [OP]	mmcblk0p25	/system/lib/libc.so	1118
           <...>-2048  [003] ....    52.809946: do_filp_open: [OP]	mmcblk0p28	/data/app/com.google.android.gms-1/base.apk	163842
           <...>-2048  [003] ....    52.816051: do_filp_open: [OP]	mmcblk0p25	/system/lib/libm.so	1206
           <...>-1377  [000] ....    52.819039: do_filp_open: [OP]	mmcblk0p28	/data/user/0/com.google.android.gms/databases/context_eslabskku_gmail.com.db-journal	115753
           <...>-2048  [003] ....    52.822866: do_filp_open: [OP]	mmcblk0p28	/data/user/0/com.google.android.gms/app_extracted_libs	114871
           <...>-2048  [003] ....    52.824460: do_filp_open: [OP]	mmcblk0p28	/data/user/0/com.google.android.gms/app_extracted_libs	114871
           <...>-2048  [003] ....    52.825150: do_filp_open: [OP]	mmcblk0p28	/data/app/com.google.android.gms-1/lib/arm/libconscrypt_gmscore_jni.so	163862
           <...>-1377  [000] ....    52.825814: do_filp_open: [OP]	mmcblk0p28	/data/user/0/com.google.android.gms/databases/context_eslabskku_gmail.com.db-journal	115753
           <...>-1377  [000] ....    52.827460: do_filp_open: [OP]	mmcblk0p28	/data/user/0/com.google.android.gms/databases/context_eslabskku_gmail.com.db-journal	115753
           <...>-1377  [000] ....    52.828409: do_filp_open: [OP]	mmcblk0p28	/data/user/0/com.google.android.gms/databases/context_eslabskku_gmail.com.db-journal	115753
           <...>-1377  [000] ....    52.829190: do_filp_open: [OP]	mmcblk0p28	/data/user/0/com.google.android.gms/databases/context_eslabskku_gmail.com.db-journal	115753
           <...>-1377  [000] ....    52.829662: do_filp_open: [OP]	mmcblk0p28	/data/user/0/com.google.android.gms/databases/context_eslabskku_gmail.com.db-journal	115753
           <...>-1377  [000] ....    52.829956: do_filp_open: [OP]	mmcblk0p28	/data/user/0/com.google.android.gms/databases/context_eslabskku_gmail.com.db-journal	115753
           <...>-2048  [002] ....    52.830962: do_filp_open: [OP]	mmcblk0p28	/data/app/com.google.android.gms-1/lib/arm/libconscrypt_gmscore_jni.so	163862
           <...>-1377  [000] ....    52.831436: do_filp_open: [OP]	mmcblk0p28	/data/user/0/com.google.android.gms/databases/context_eslabskku_gmail.com.db-journal	115753
           <...>-2048  [002] ....    52.833156: do_filp_open: [OP]	mmcblk0p28	/data/app/com.google.android.gms-1/lib/arm/libgmscore.so	163911
           <...>-2048  [002] ....    52.833250: do_filp_open: [OP]	mmcblk0p28	/data/app/com.google.android.gms-1/base.apk	163842
           <...>-2048  [001] ....    52.837953: do_filp_open: [OP]	mmcblk0p25	/system/lib/libc.so	1118
           <...>-2048  [001] ....    52.838097: do_filp_open: [OP]	mmcblk0p28	/data/app/com.google.android.gms-1/base.apk	163842
           <...>-2048  [001] ....    52.842306: do_filp_open: [OP]	mmcblk0p25	/system/lib/libm.so	1206
           <...>-1377  [000] ....    52.843699: do_filp_open: [OP]	mmcblk0p28	/data/user/0/com.google.android.gms/databases/context_eslabskku_gmail.com.db-journal	115753
           <...>-1377  [000] ....    52.844994: do_filp_open: [OP]	mmcblk0p28	/data/user/0/com.google.android.gms/databases/context_eslabskku_gmail.com.db-journal	115753
           <...>-1377  [000] ....    52.845717: do_filp_open: [OP]	mmcblk0p28	/data/user/0/com.google.android.gms/databases/context_eslabskku_gmail.com.db-journal	115753
           <...>-1377  [000] ....    52.847777: do_filp_open: [OP]	mmcblk0p28	/data/user/0/com.google.android.gms/databases/context_eslabskku_gmail.com.db-journal	115753
           <...>-2048  [001] ....    52.848455: do_filp_open: [OP]	mmcblk0p28	/data/app/com.google.android.gms-1/base.apk	163842
           <...>-1377  [000] ....    52.848502: do_filp_open: [OP]	mmcblk0p28	/data/user/0/com.google.android.gms/databases/context_eslabskku_gmail.com.db-journal	115753
           <...>-1377  [000] ....    52.850667: do_filp_open: [OP]	mmcblk0p28	/data/user/0/com.google.android.gms/databases/context_eslabskku_gmail.com.db-journal	115753
           <...>-1377  [000] ....    52.852108: do_filp_open: [OP]	mmcblk0p28	/data/user/0/com.google.android.gms/databases/context_eslabskku_gmail.com.db-journal	115753
           <...>-2048  [001] ....    52.852799: do_filp_open: [OP]	mmcblk0p25	/system/lib/libjavacore.so	1191
           <...>-1377  [000] ....    52.853403: do_filp_open: [OP]	mmcblk0p28	/data/user/0/com.google.android.gms/databases/context_eslabskku_gmail.com.db-journal	115753
           <...>-1377  [000] ....    52.854651: do_filp_open: [OP]	mmcblk0p28	/data/user/0/com.google.android.gms/databases/context_eslabskku_gmail.com.db-journal	115753
           <...>-1377  [000] ....    52.857470: do_filp_open: [OP]	mmcblk0p28	/data/user/0/com.google.android.gms/databases/context_eslabskku_gmail.com.db-journal	115753
           <...>-1377  [000] ....    52.858323: do_filp_open: [OP]	mmcblk0p28	/data/user/0/com.google.android.gms/databases/context_eslabskku_gmail.com.db-journal	115753
           <...>-1377  [000] ....    52.859874: do_filp_open: [OP]	mmcblk0p28	/data/user/0/com.google.android.gms/databases/context_eslabskku_gmail.com.db-journal	115753
           <...>-1377  [000] ....    52.860483: do_filp_open: [OP]	mmcblk0p28	/data/user/0/com.google.android.gms/databases/context_eslabskku_gmail.com.db-journal	115753
           <...>-1377  [000] ....    52.862128: do_filp_open: [OP]	mmcblk0p28	/data/user/0/com.google.android.gms/databases/context_eslabskku_gmail.com.db-journal	115753
           <...>-1377  [000] ....    52.862784: do_filp_open: [OP]	mmcblk0p28	/data/user/0/com.google.android.gms/databases/context_eslabskku_gmail.com.db-journal	115753
           <...>-1377  [000] ....    52.863824: do_filp_open: [OP]	mmcblk0p28	/data/user/0/com.google.android.gms/databases/context_eslabskku_gmail.com.db-journal	115753
           <...>-1377  [000] ....    52.864692: do_filp_open: [OP]	mmcblk0p28	/data/user/0/com.google.android.gms/databases/context_eslabskku_gmail.com.db-journal	115753
           <...>-1377  [000] ....    52.866597: do_filp_open: [OP]	mmcblk0p28	/data/user/0/com.google.android.gms/databases/context_eslabskku_gmail.com.db-journal	115753
           <...>-1377  [000] ....    52.867383: do_filp_open: [OP]	mmcblk0p28	/data/user/0/com.google.android.gms/databases/context_eslabskku_gmail.com.db-journal	115753
           <...>-1377  [000] ....    52.870611: do_filp_open: [OP]	mmcblk0p28	/data/user/0/com.google.android.gms/databases/context_eslabskku_gmail.com.db-journal	115753
           <...>-1377  [000] ....    52.871312: do_filp_open: [OP]	mmcblk0p28	/data/user/0/com.google.android.gms/databases/context_eslabskku_gmail.com.db-journal	115753
           <...>-1377  [000] ....    52.873222: do_filp_open: [OP]	mmcblk0p28	/data/user/0/com.google.android.gms/databases/context_eslabskku_gmail.com.db-journal	115753
           <...>-1377  [000] ....    52.877105: do_filp_open: [OP]	mmcblk0p28	/data/user/0/com.google.android.gms/databases/context_eslabskku_gmail.com.db-journal	115753
           <...>-1377  [000] ....    52.879457: do_filp_open: [OP]	mmcblk0p28	/data/user/0/com.google.android.gms/databases/context_eslabskku_gmail.com.db-journal	115753
           <...>-1377  [000] ....    52.885283: do_filp_open: [OP]	mmcblk0p28	/data/user/0/com.google.android.gms/databases/context_eslabskku_gmail.com.db-journal	115753
           <...>-1377  [000] ....    52.889875: do_filp_open: [OP]	mmcblk0p28	/data/user/0/com.google.android.gms/databases/context_eslabskku_gmail.com.db-journal	115753
           <...>-1377  [002] ....    52.891851: do_filp_open: [OP]	mmcblk0p28	/data/user/0/com.google.android.gms/databases/context_eslabskku_gmail.com.db-journal	115753
           <...>-1377  [002] ....    52.900221: do_filp_open: [OP]	mmcblk0p28	/data/user/0/com.google.android.gms/databases/context_eslabskku_gmail.com.db-journal	115753
